222.177.27.253 - - [13/Sep/2016:18:16:46 +0800] "GET / HTTP/1.1" 500 595 "-" "Mozilla/5.0 (Windows NT 6.1; WOW64) AppleWebKit/537.36 (KHTML, like Gecko) Chrome/52.0.2743.116 Safari/537.36" "-"
222.177.27.253 - - [13/Sep/2016:18:16:46 +0800] "GET /favicon.ico HTTP/1.1" 500 595 "http://119.84.15.139/" "Mozilla/5.0 (Windows NT 6.1; WOW64) AppleWebKit/537.36 (KHTML, like Gecko) Chrome/52.0.2743.116 Safari/537.36" "-"
222.177.27.253 - - [13/Sep/2016:18:16:57 +0800] "GET / HTTP/1.1" 301 185 "-" "Mozilla/5.0 (Windows NT 6.1; WOW64) AppleWebKit/537.36 (KHTML, like Gecko) Chrome/52.0.2743.116 Safari/537.36" "-"
222.177.27.253 - - [13/Sep/2016:18:17:07 +0800] "GET / HTTP/1.1" 302 161 "-" "Mozilla/5.0 (Windows NT 6.1; WOW64) AppleWebKit/537.36 (KHTML, like Gecko) Chrome/52.0.2743.116 Safari/537.36" "-"
222.177.27.253 - - [13/Sep/2016:18:34:30 +0800] "GET / HTTP/1.1" 500 595 "-" "Mozilla/5.0 (Windows NT 6.1; WOW64) AppleWebKit/537.36 (KHTML, like Gecko) Chrome/52.0.2743.116 Safari/537.36" "-"
222.177.27.253 - - [13/Sep/2016:18:34:30 +0800] "GET /favicon.ico HTTP/1.1" 500 595 "http://119.84.15.139/" "Mozilla/5.0 (Windows NT 6.1; WOW64) AppleWebKit/537.36 (KHTML, like Gecko) Chrome/52.0.2743.116 Safari/537.36" "-"
222.177.27.253 - - [13/Sep/2016:18:34:47 +0800] "GET / HTTP/1.1" 500 595 "-" "Mozilla/5.0 (Windows NT 6.1; WOW64) AppleWebKit/537.36 (KHTML, like Gecko) Chrome/52.0.2743.116 Safari/537.36" "-"
222.177.27.253 - - [13/Sep/2016:18:34:47 +0800] "GET /favicon.ico HTTP/1.1" 500 595 "http://119.84.15.139/" "Mozilla/5.0 (Windows NT 6.1; WOW64) AppleWebKit/537.36 (KHTML, like Gecko) Chrome/52.0.2743.116 Safari/537.36" "-"
222.177.27.253 - - [13/Sep/2016:18:35:35 +0800] "GET / HTTP/1.1" 500 595 "-" "Mozilla/5.0 (Windows NT 6.1; WOW64) AppleWebKit/537.36 (KHTML, like Gecko) Chrome/52.0.2743.116 Safari/537.36" "-"
222.177.27.253 - - [13/Sep/2016:18:35:35 +0800] "GET /favicon.ico HTTP/1.1" 500 595 "http://119.84.15.139/" "Mozilla/5.0 (Windows NT 6.1; WOW64) AppleWebKit/537.36 (KHTML, like Gecko) Chrome/52.0.2743.116 Safari/537.36" "-"
222.177.27.253 - - [13/Sep/2016:18:36:00 +0800] "GET / HTTP/1.1" 301 185 "-" "Mozilla/5.0 (Windows NT 6.1; WOW64) AppleWebKit/537.36 (KHTML, like Gecko) Chrome/52.0.2743.116 Safari/537.36" "-"
222.177.27.253 - - [13/Sep/2016:18:36:06 +0800] "GET / HTTP/1.1" 302 161 "-" "Mozilla/5.0 (Windows NT 6.1; WOW64) AppleWebKit/537.36 (KHTML, like Gecko) Chrome/52.0.2743.116 Safari/537.36" "-"
222.177.27.253 - - [13/Sep/2016:18:36:40 +0800] "GET / HTTP/1.1" 500 595 "-" "Mozilla/5.0 (Windows NT 6.1; WOW64) AppleWebKit/537.36 (KHTML, like Gecko) Chrome/52.0.2743.116 Safari/537.36" "-"
222.177.27.253 - - [13/Sep/2016:18:36:40 +0800] "GET /favicon.ico HTTP/1.1" 500 595 "http://119.84.15.139/" "Mozilla/5.0 (Windows NT 6.1; WOW64) AppleWebKit/537.36 (KHTML, like Gecko) Chrome/52.0.2743.116 Safari/537.36" "-"
222.177.27.253 - - [13/Sep/2016:18:36:56 +0800] "GET / HTTP/1.1" 301 185 "-" "Mozilla/5.0 (Windows NT 6.1; WOW64) AppleWebKit/537.36 (KHTML, like Gecko) Chrome/52.0.2743.116 Safari/537.36" "-"
222.177.27.253 - - [13/Sep/2016:18:37:08 +0800] "GET / HTTP/1.1" 302 161 "-" "Mozilla/5.0 (Windows NT 6.1; WOW64) AppleWebKit/537.36 (KHTML, like Gecko) Chrome/52.0.2743.116 Safari/537.36" "-"
222.177.27.253 - - [13/Sep/2016:18:47:12 +0800] "GET / HTTP/1.1" 302 161 "-" "Mozilla/5.0 (Windows NT 6.1; WOW64) AppleWebKit/537.36 (KHTML, like Gecko) Chrome/52.0.2743.116 Safari/537.36" "-"
222.177.27.253 - - [13/Sep/2016:18:51:38 +0800] "GET / HTTP/1.1" 302 161 "-" "Mozilla/5.0 (Windows NT 6.1; WOW64) AppleWebKit/537.36 (KHTML, like Gecko) Chrome/52.0.2743.116 Safari/537.36" "-"
10.0.15.8 - - [13/Sep/2016:19:05:52 +0800] "GET / HTTP/1.1" 500 193 "-" "Wget/1.14 (linux-gnu)" "-"
171.8.167.76 - - [13/Sep/2016:19:11:59 +0800] "GET / HTTP/1.1" 500 595 "http://119.84.15.139/" "Mozilla/4.0 (compatible; MSIE 8.0; Windows NT 6.1; Trident/4.0; SLCC2; .NET CLR 2.0.50727; .NET CLR 3.5.30729; .NET CLR 3.0.30729; Media Center PC 6.0; Tablet PC 2.0)" "unknown"
171.8.167.62 - - [13/Sep/2016:19:11:59 +0800] "GET / HTTP/1.1" 500 595 "http://119.84.15.139/" "Mozilla/4.0 (compatible; MSIE 8.0; Windows NT 6.1; Trident/4.0; SLCC2; .NET CLR 2.0.50727; .NET CLR 3.5.30729; .NET CLR 3.0.30729; Media Center PC 6.0; Tablet PC 2.0)" "unknown"
220.181.132.196 - - [13/Sep/2016:19:12:14 +0800] "GET / HTTP/1.1" 500 193 "-" "Mozilla/5.0 (Linux; U; Android 5.0.2; zh-CN; Redmi Note 3 Build/LRX22G) AppleWebKit/537.36 (KHTML, like Gecko) Version/4.0 OPR/11.2.3.102637 Mobile Safari/537.36" "-"
182.140.230.14 - - [13/Sep/2016:19:12:47 +0800] "GET / HTTP/1.1" 500 193 "-" "Mozilla/5.0 (Linux; U; Android 5.0.2; zh-CN; Redmi Note 3 Build/LRX22G) AppleWebKit/537.36 (KHTML, like Gecko) Version/4.0 OPR/11.2.3.102637 Mobile Safari/537.36" "unknown"
171.8.167.67 - - [13/Sep/2016:19:12:50 +0800] "GET / HTTP/1.1" 500 193 "-" "Mozilla/5.0 (Linux; U; Android 5.0.2; zh-CN; Redmi Note 3 Build/LRX22G) AppleWebKit/537.36 (KHTML, like Gecko) Version/4.0 OPR/11.2.3.102637 Mobile Safari/537.36" "unknown"
222.177.27.253 - - [13/Sep/2016:19:17:09 +0800] "GET / HTTP/1.1" 301 185 "-" "Mozilla/5.0 (Windows NT 6.1; WOW64) AppleWebKit/537.36 (KHTML, like Gecko) Chrome/52.0.2743.116 Safari/537.36" "-"
112.74.206.117 - - [13/Sep/2016:19:35:51 +0800] "GET / HTTP/1.1" 500 193 "-" "-" "-"
23.251.49.10 - - [13/Sep/2016:20:28:50 +0800] "GET http://www.proxy-listen.de/azenv.php HTTP/1.1" 500 595 "-" "Mozilla/5.0 (compatible; MSIE 6.0; Windows NT 5.1; Trident/5.0)" "-"
23.251.49.10 - - [13/Sep/2016:20:28:50 +0800] "CONNECT www.baidu.com:443 HTTP/1.1" 400 173 "-" "-" "-"
121.40.84.192 - - [13/Sep/2016:21:22:34 +0800] "GET /phpMyAdmin/scripts/setup.php HTTP/1.1" 500 193 "-" "-" "-"
121.40.84.192 - - [13/Sep/2016:21:23:53 +0800] "GET /pma/scripts/setup.php HTTP/1.1" 500 193 "-" "-" "-"
121.40.84.192 - - [13/Sep/2016:21:25:11 +0800] "GET /myadmin/scripts/setup.php HTTP/1.1" 500 193 "-" "-" "-"
23.251.49.10 - - [13/Sep/2016:22:34:56 +0800] "GET http://domkrim.com/av.php HTTP/1.1" 500 595 "-" "Mozilla/5.0 (compatible; MSIE 6.0; Windows NT 5.1; Trident/5.0)" "-"
23.251.49.10 - - [13/Sep/2016:22:34:56 +0800] "CONNECT www.baidu.com:443 HTTP/1.1" 400 173 "-" "-" "-"
23.251.49.10 - - [14/Sep/2016:00:43:26 +0800] "GET http://fr.cyberpods.net/ HTTP/1.1" 500 595 "-" "Mozilla/5.0 (compatible; MSIE 6.0; Windows NT 5.1; Trident/5.0)" "-"
23.251.49.10 - - [14/Sep/2016:00:43:27 +0800] "CONNECT www.baidu.com:443 HTTP/1.1" 400 173 "-" "-" "-"
23.251.49.10 - - [14/Sep/2016:02:05:18 +0800] "GET http://www.sbjudge1.com/azenv.php HTTP/1.1" 500 595 "-" "Mozilla/5.0 (compatible; MSIE 6.0; Windows NT 5.1; Trident/5.0)" "-"
23.251.49.10 - - [14/Sep/2016:02:05:19 +0800] "CONNECT www.alipay.com:443 HTTP/1.1" 400 173 "-" "-" "-"
222.187.221.112 - - [14/Sep/2016:02:16:23 +0800] "GET /phpMyAdmin/index.php HTTP/1.1" 500 595 "http://119.84.15.139/phpMyAdmin/index.php" "Mozilla/4.0 (compatible; MSIE 9.0; Windows NT 6.1)" "-"
23.251.49.10 - - [14/Sep/2016:03:13:06 +0800] "GET http://domkrim.com/av.php HTTP/1.1" 500 595 "-" "Mozilla/5.0 (compatible; MSIE 6.0; Windows NT 5.1; Trident/5.0)" "-"
23.251.49.10 - - [14/Sep/2016:03:13:07 +0800] "CONNECT www.baidu.com:443 HTTP/1.1" 400 173 "-" "-" "-"
219.153.42.170 - - [14/Sep/2016:03:49:28 +0800] "GET / HTTP/1.1" 500 193 "-" "Java/1.7.0_91" "-"
103.213.251.70 - - [14/Sep/2016:03:57:23 +0800] "GET /phpMyAdmin HTTP/1.1" 500 595 "http://119.84.15.139/phpMyAdmin" "Mozilla/4.0 (compatible; MSIE 9.0; Windows NT 6.1)" "-"
23.251.49.10 - - [14/Sep/2016:04:47:55 +0800] "GET http://www.luisaranguren.com/azenv.php HTTP/1.1" 500 595 "-" "Mozilla/5.0 (compatible; MSIE 6.0; Windows NT 5.1; Trident/5.0)" "-"
23.251.49.10 - - [14/Sep/2016:04:47:56 +0800] "CONNECT www.baidu.com:443 HTTP/1.1" 400 173 "-" "-" "-"
80.82.78.38 - - [14/Sep/2016:07:50:56 +0800] "GET http://www.baidu.com/cache/global/img/gs.gif HTTP/1.1" 500 193 "-" "Mozilla" "-"
23.251.49.10 - - [14/Sep/2016:09:03:53 +0800] "GET http://www.sbjudge3.com/azenv.php HTTP/1.1" 500 595 "-" "Mozilla/5.0 (compatible; MSIE 6.0; Windows NT 5.1; Trident/5.0)" "-"
23.251.49.10 - - [14/Sep/2016:09:03:54 +0800] "CONNECT www.alipay.com:443 HTTP/1.1" 400 173 "-" "-" "-"
127.0.0.1 - - [14/Sep/2016:09:36:21 +0800] "GET / HTTP/1.0" 500 193 "-" "-" "-"
127.0.0.1 - - [14/Sep/2016:09:36:21 +0800] "GET /.git/HEAD HTTP/1.1" 500 193 "-" "Mozilla/5.0 (compatible; Nmap Scripting Engine; http://nmap.org/book/nse.html)" "-"
127.0.0.1 - - [14/Sep/2016:09:36:21 +0800] "OPTIONS / HTTP/1.1" 500 193 "-" "Mozilla/5.0 (compatible; Nmap Scripting Engine; http://nmap.org/book/nse.html)" "-"
127.0.0.1 - - [14/Sep/2016:09:36:21 +0800] "GET / HTTP/1.1" 500 193 "-" "Mozilla/5.0 (compatible; Nmap Scripting Engine; http://nmap.org/book/nse.html)" "-"
127.0.0.1 - - [14/Sep/2016:09:36:21 +0800] "GET /favicon.ico HTTP/1.1" 500 193 "-" "Mozilla/5.0 (compatible; Nmap Scripting Engine; http://nmap.org/book/nse.html)" "-"
127.0.0.1 - - [14/Sep/2016:09:36:21 +0800] "GET /robots.txt HTTP/1.1" 500 193 "-" "Mozilla/5.0 (compatible; Nmap Scripting Engine; http://nmap.org/book/nse.html)" "-"
127.0.0.1 - - [14/Sep/2016:09:36:21 +0800] "GET / HTTP/1.1" 500 193 "-" "Mozilla/5.0 (compatible; Nmap Scripting Engine; http://nmap.org/book/nse.html)" "-"
127.0.0.1 - - [14/Sep/2016:09:36:21 +0800] "OPTIONS / HTTP/1.1" 500 193 "-" "Mozilla/5.0 (compatible; Nmap Scripting Engine; http://nmap.org/book/nse.html)" "-"
127.0.0.1 - - [14/Sep/2016:09:36:21 +0800] "OPTIONS / HTTP/1.1" 500 193 "-" "Mozilla/5.0 (compatible; Nmap Scripting Engine; http://nmap.org/book/nse.html)" "-"
127.0.0.1 - - [14/Sep/2016:09:36:21 +0800] "OPTIONS / HTTP/1.1" 500 193 "-" "Mozilla/5.0 (compatible; Nmap Scripting Engine; http://nmap.org/book/nse.html)" "-"
127.0.0.1 - - [14/Sep/2016:09:36:22 +0800] "OPTIONS / HTTP/1.1" 500 193 "-" "Mozilla/5.0 (compatible; Nmap Scripting Engine; http://nmap.org/book/nse.html)" "-"
127.0.0.1 - - [14/Sep/2016:09:36:22 +0800] "OPTIONS / HTTP/1.1" 500 193 "-" "Mozilla/5.0 (compatible; Nmap Scripting Engine; http://nmap.org/book/nse.html)" "-"
127.0.0.1 - - [14/Sep/2016:09:36:22 +0800] "OPTIONS / HTTP/1.1" 500 193 "-" "Mozilla/5.0 (compatible; Nmap Scripting Engine; http://nmap.org/book/nse.html)" "-"
127.0.0.1 - - [14/Sep/2016:09:36:22 +0800] "OPTIONS / HTTP/1.1" 500 193 "-" "Mozilla/5.0 (compatible; Nmap Scripting Engine; http://nmap.org/book/nse.html)" "-"
127.0.0.1 - - [14/Sep/2016:09:36:22 +0800] "OPTIONS / HTTP/1.1" 500 193 "-" "Mozilla/5.0 (compatible; Nmap Scripting Engine; http://nmap.org/book/nse.html)" "-"
127.0.0.1 - - [14/Sep/2016:09:36:22 +0800] "OPTIONS / HTTP/1.1" 500 193 "-" "Mozilla/5.0 (compatible; Nmap Scripting Engine; http://nmap.org/book/nse.html)" "-"
127.0.0.1 - - [14/Sep/2016:09:43:13 +0800] "GET / HTTP/1.0" 500 193 "-" "-" "-"
127.0.0.1 - - [14/Sep/2016:09:44:46 +0800] "OPTIONS / HTTP/1.1" 500 193 "-" "Mozilla/5.0 (compatible; Nmap Scripting Engine; http://nmap.org/book/nse.html)" "-"
127.0.0.1 - - [14/Sep/2016:09:44:46 +0800] "OPTIONS / HTTP/1.1" 500 193 "-" "Mozilla/5.0 (compatible; Nmap Scripting Engine; http://nmap.org/book/nse.html)" "-"
127.0.0.1 - - [14/Sep/2016:09:44:46 +0800] "OPTIONS / HTTP/1.1" 500 193 "-" "Mozilla/5.0 (compatible; Nmap Scripting Engine; http://nmap.org/book/nse.html)" "-"
127.0.0.1 - - [14/Sep/2016:09:44:46 +0800] "OPTIONS / HTTP/1.1" 500 193 "-" "Mozilla/5.0 (compatible; Nmap Scripting Engine; http://nmap.org/book/nse.html)" "-"
127.0.0.1 - - [14/Sep/2016:09:44:46 +0800] "OPTIONS / HTTP/1.1" 500 193 "-" "Mozilla/5.0 (compatible; Nmap Scripting Engine; http://nmap.org/book/nse.html)" "-"
127.0.0.1 - - [14/Sep/2016:09:44:47 +0800] "OPTIONS / HTTP/1.1" 500 193 "-" "Mozilla/5.0 (compatible; Nmap Scripting Engine; http://nmap.org/book/nse.html)" "-"
127.0.0.1 - - [14/Sep/2016:09:44:47 +0800] "OPTIONS / HTTP/1.1" 500 193 "-" "Mozilla/5.0 (compatible; Nmap Scripting Engine; http://nmap.org/book/nse.html)" "-"
127.0.0.1 - - [14/Sep/2016:09:44:47 +0800] "OPTIONS / HTTP/1.1" 500 193 "-" "Mozilla/5.0 (compatible; Nmap Scripting Engine; http://nmap.org/book/nse.html)" "-"
127.0.0.1 - - [14/Sep/2016:09:44:47 +0800] "OPTIONS / HTTP/1.1" 500 193 "-" "Mozilla/5.0 (compatible; Nmap Scripting Engine; http://nmap.org/book/nse.html)" "-"
127.0.0.1 - - [14/Sep/2016:09:44:54 +0800] "\x16\x03\x01\x01H\x01\x00\x01D\x03\x03W\xD8\xAB\x96q\xAA\xDC\x92\x92\xCF\xDC\xB8\xF9\xA1" 400 173 "-" "-" "-"
127.0.0.1 - - [14/Sep/2016:09:44:54 +0800] "\x16\x03\x01\x01H\x01\x00\x01D\x03\x03W\xD8\xAB\x96\xE0`rs\xE2\xA5\x8B\xB5\xC2\xD1eaV\xED\x99\xCA\xEFL\x07\xBD\x026G_ \xF1\x96}\x00\x00\xC8\x00\x05\x00\x04\x00\x02\x00\x08\x00\x14\x00\x03\x00\x01\x00\x15\x00\x06\x00\x16\x00\x17\x003\x009\x00\x19\x00:\x00\x1A\x00\x18\x005\x00\x09\x00" 400 173 "-" "-" "-"
127.0.0.1 - - [14/Sep/2016:09:44:54 +0800] "\x16\x03\x01\x01H\x01\x00\x01D\x03\x03W\xD8\xAB\x96\xBE\xA2\x84\x07" 400 173 "-" "-" "-"
127.0.0.1 - - [14/Sep/2016:09:44:54 +0800] "\x16\x03\x01\x01H\x01\x00\x01D\x03\x03W\xD8\xAB\x96V\xDB&\x1ASte\x89G" 400 173 "-" "-" "-"
127.0.0.1 - - [14/Sep/2016:09:44:54 +0800] "GET / HTTP/1.1" 500 193 "-" "Mozilla/5.0 (compatible; Nmap Scripting Engine; http://nmap.org/book/nse.html)" "-"
127.0.0.1 - - [14/Sep/2016:09:44:54 +0800] "GET /favicon.ico HTTP/1.1" 500 193 "-" "Mozilla/5.0 (compatible; Nmap Scripting Engine; http://nmap.org/book/nse.html)" "-"
127.0.0.1 - - [14/Sep/2016:09:44:54 +0800] "GET / HTTP/1.1" 500 193 "-" "Mozilla/5.0 (compatible; Nmap Scripting Engine; http://nmap.org/book/nse.html)" "-"
127.0.0.1 - - [14/Sep/2016:09:44:56 +0800] "GET / HTTP/1.1" 500 193 "-" "Mozilla/5.0 (compatible; Nmap Scripting Engine; http://nmap.org/book/nse.html)" "-"
127.0.0.1 - - [14/Sep/2016:09:44:56 +0800] "OPTIONS / HTTP/1.1" 500 193 "-" "Mozilla/5.0 (compatible; Nmap Scripting Engine; http://nmap.org/book/nse.html)" "-"
127.0.0.1 - - [14/Sep/2016:09:44:56 +0800] "GET /.git/HEAD HTTP/1.1" 500 193 "-" "Mozilla/5.0 (compatible; Nmap Scripting Engine; http://nmap.org/book/nse.html)" "-"
127.0.0.1 - - [14/Sep/2016:09:44:56 +0800] "GET /robots.txt HTTP/1.1" 500 193 "-" "Mozilla/5.0 (compatible; Nmap Scripting Engine; http://nmap.org/book/nse.html)" "-"
23.251.49.10 - - [14/Sep/2016:10:43:06 +0800] "GET http://www.sbjudge2.com/azenv.php HTTP/1.1" 500 595 "-" "Mozilla/5.0 (compatible; MSIE 6.0; Windows NT 5.1; Trident/5.0)" "-"
23.251.49.10 - - [14/Sep/2016:10:43:06 +0800] "CONNECT www.alipay.com:443 HTTP/1.1" 400 173 "-" "-" "-"
222.187.221.112 - - [14/Sep/2016:11:33:29 +0800] "GET /phpMyAdmin/index.php HTTP/1.1" 500 595 "http://119.84.15.139/phpMyAdmin/index.php" "Mozilla/4.0 (compatible; MSIE 9.0; Windows NT 6.1)" "-"
89.248.174.4 - - [14/Sep/2016:11:46:23 +0800] "GET /xmlrpc.php HTTP/1.1" 500 193 "-" "-" "-"
23.251.49.10 - - [14/Sep/2016:11:54:40 +0800] "GET http://www.luisaranguren.com/azenv.php HTTP/1.1" 500 595 "-" "Mozilla/5.0 (compatible; MSIE 6.0; Windows NT 5.1; Trident/5.0)" "-"
23.251.49.10 - - [14/Sep/2016:11:54:41 +0800] "CONNECT www.baidu.com:443 HTTP/1.1" 400 173 "-" "-" "-"
47.90.45.69 - - [14/Sep/2016:12:34:22 +0800] "GET / HTTP/1.1" 500 595 "-" "Mozilla/5.0 (Macintosh; Intel Mac OS X 10_11_6) AppleWebKit/537.36 (KHTML, like Gecko) Chrome/53.0.2785.80 Safari/537.36" "-"
23.251.49.10 - - [14/Sep/2016:13:30:11 +0800] "GET http://www.proxy-listen.de/azenv.php HTTP/1.1" 500 595 "-" "Mozilla/5.0 (compatible; MSIE 6.0; Windows NT 5.1; Trident/5.0)" "-"
23.251.49.10 - - [14/Sep/2016:13:30:11 +0800] "CONNECT www.baidu.com:443 HTTP/1.1" 400 173 "-" "-" "-"
60.217.192.136 - - [14/Sep/2016:13:59:59 +0800] "HEAD / HTTP/1.1" 500 0 "-" "-" "-"
60.217.192.136 - - [14/Sep/2016:14:00:00 +0800] "GET / HTTP/1.1" 500 193 "-" "-" "-"
60.217.192.136 - - [14/Sep/2016:14:00:02 +0800] "GET /invoker/EJBInvokerServlet HTTP/1.1" 500 193 "-" "-" "-"
222.177.27.253 - - [14/Sep/2016:14:31:53 +0800] "GET / HTTP/1.1" 301 185 "-" "Mozilla/5.0 (Windows NT 6.1; WOW64) AppleWebKit/537.36 (KHTML, like Gecko) Chrome/52.0.2743.116 Safari/537.36" "-"
122.224.121.146 - - [14/Sep/2016:14:39:10 +0800] "HEAD http://115.236.176.134:3434/ HTTP/1.1" 500 0 "-" "Java/1.8.0_77" "-"
101.226.64.174 - - [14/Sep/2016:16:00:34 +0800] "GET / HTTP/1.1" 500 193 "-" "ozilla/5.0 (iPhone; CPU iPhone OS 9_3_4 like Mac OS X) AppleWebKit/601.1.46 (KHTML, like Gecko) Mobile/13G35 QQ/6.5.3.410 V1_IPH_SQ_6.5.3_1_APP_A Pixel/750 Core/UIWebView NetType/2G Mem/117" "-"
140.207.185.107 - - [14/Sep/2016:16:03:32 +0800] "GET / HTTP/1.1" 500 595 "-" "Mozilla/5.0 (Windows NT 5.1) AppleWebKit/537.36 (KHTML, like Gecko) Chrome/45.0.2454.101 Safari/537.36" "-"
23.251.49.10 - - [14/Sep/2016:16:28:58 +0800] "GET http://proxyjudge.us/ HTTP/1.1" 500 595 "-" "Mozilla/5.0 (compatible; MSIE 6.0; Windows NT 5.1; Trident/5.0)" "-"
23.251.49.10 - - [14/Sep/2016:16:28:59 +0800] "CONNECT www.baidu.com:443 HTTP/1.1" 400 173 "-" "-" "-"
23.251.49.10 - - [14/Sep/2016:18:06:25 +0800] "GET http://fr.cyberpods.net/ HTTP/1.1" 500 595 "-" "Mozilla/5.0 (compatible; MSIE 6.0; Windows NT 5.1; Trident/5.0)" "-"
23.251.49.10 - - [14/Sep/2016:18:06:30 +0800] "CONNECT www.baidu.com:443 HTTP/1.1" 400 173 "-" "-" "-"
23.251.49.10 - - [14/Sep/2016:19:30:05 +0800] "GET http://www.proxyjudge.info/azenv.php HTTP/1.1" 500 595 "-" "Mozilla/5.0 (compatible; MSIE 6.0; Windows NT 5.1; Trident/5.0)" "-"
23.251.49.10 - - [14/Sep/2016:19:30:06 +0800] "CONNECT www.baidu.com:443 HTTP/1.1" 400 173 "-" "-" "-"
163.172.169.116 - - [14/Sep/2016:19:34:23 +0800] "GET http://www.baidu.com/cache/global/img/gs.gif HTTP/1.1" 500 193 "-" "Mozilla" "-"
23.251.49.10 - - [14/Sep/2016:20:50:46 +0800] "GET http://domkrim.com/av.php HTTP/1.1" 500 595 "-" "Mozilla/5.0 (compatible; MSIE 6.0; Windows NT 5.1; Trident/5.0)" "-"
23.251.49.10 - - [14/Sep/2016:20:50:46 +0800] "CONNECT www.baidu.com:443 HTTP/1.1" 400 173 "-" "-" "-"
106.186.113.132 - - [14/Sep/2016:20:52:20 +0800] "GET http://clientapi.ipip.net/echo.php?info=20160914125219 HTTP/1.1" 500 193 "-" "Mozilla/5.0 (Windows NT 10.0; WOW64)" "-"
23.251.49.10 - - [14/Sep/2016:22:03:32 +0800] "GET http://proxyjudge.us/ HTTP/1.1" 500 595 "-" "Mozilla/5.0 (compatible; MSIE 6.0; Windows NT 5.1; Trident/5.0)" "-"
23.251.49.10 - - [14/Sep/2016:22:03:36 +0800] "CONNECT www.baidu.com:443 HTTP/1.1" 400 173 "-" "-" "-"
189.219.180.140 - - [14/Sep/2016:22:07:36 +0800] "GET /cgi/common.cgi HTTP/1.0" 500 193 "-" "Wget(linux)" "-"
115.28.49.155 - - [14/Sep/2016:22:23:00 +0800] "GET /phpmyadmin HTTP/1.1" 500 595 "http://119.84.15.139/phpmyadmin" "Mozilla/4.0 (compatible; MSIE 9.0; Windows NT 6.1)" "-"
60.205.127.175 - - [14/Sep/2016:22:34:43 +0800] "GET /phpmyadmin HTTP/1.1" 500 595 "http://119.84.15.139/phpmyadmin" "Mozilla/4.0 (compatible; MSIE 9.0; Windows NT 6.1)" "-"
23.251.49.10 - - [14/Sep/2016:23:21:51 +0800] "GET http://www.sbjudge3.com/azenv.php HTTP/1.1" 500 595 "-" "Mozilla/5.0 (compatible; MSIE 6.0; Windows NT 5.1; Trident/5.0)" "-"
23.251.49.10 - - [14/Sep/2016:23:21:52 +0800] "CONNECT www.baidu.com:443 HTTP/1.1" 400 173 "-" "-" "-"
23.251.49.10 - - [15/Sep/2016:01:00:26 +0800] "GET http://domkrim.com/av.php HTTP/1.1" 500 595 "-" "Mozilla/5.0 (compatible; MSIE 6.0; Windows NT 5.1; Trident/5.0)" "-"
23.251.49.10 - - [15/Sep/2016:01:00:27 +0800] "CONNECT www.alipay.com:443 HTTP/1.1" 400 173 "-" "-" "-"
180.97.106.161 - - [15/Sep/2016:01:55:15 +0800] "HEAD http://180.163.113.82/check_proxy HTTP/1.1" 500 0 "-" "-" "-"
23.251.49.10 - - [15/Sep/2016:02:05:36 +0800] "GET http://www.luisaranguren.com/azenv.php HTTP/1.1" 500 595 "-" "Mozilla/5.0 (compatible; MSIE 6.0; Windows NT 5.1; Trident/5.0)" "-"
23.251.49.10 - - [15/Sep/2016:02:05:36 +0800] "CONNECT www.baidu.com:443 HTTP/1.1" 400 173 "-" "-" "-"
61.160.245.15 - - [15/Sep/2016:03:06:05 +0800] "GET /phpMyAdmin/index.php HTTP/1.1" 500 595 "http://119.84.15.139/phpMyAdmin/index.php" "Mozilla/4.0 (compatible; MSIE 9.0; Windows NT 6.1)" "-"
23.251.49.10 - - [15/Sep/2016:03:13:10 +0800] "GET http://www.sbjudge2.com/azenv.php HTTP/1.1" 500 595 "-" "Mozilla/5.0 (compatible; MSIE 6.0; Windows NT 5.1; Trident/5.0)" "-"
23.251.49.10 - - [15/Sep/2016:03:13:11 +0800] "CONNECT www.baidu.com:443 HTTP/1.1" 400 173 "-" "-" "-"
219.153.42.170 - - [15/Sep/2016:03:49:37 +0800] "GET / HTTP/1.1" 500 193 "-" "Java/1.7.0_91" "-"
115.160.171.43 - - [15/Sep/2016:04:54:55 +0800] "GET /manager/html HTTP/1.1" 500 193 "-" "Mozilla/3.0 (compatible; Indy Library)" "-"
23.251.49.10 - - [15/Sep/2016:05:14:20 +0800] "GET http://proxyjudge.us/ HTTP/1.1" 500 595 "-" "Mozilla/5.0 (compatible; MSIE 6.0; Windows NT 5.1; Trident/5.0)" "-"
23.251.49.10 - - [15/Sep/2016:05:14:22 +0800] "CONNECT www.baidu.com:443 HTTP/1.1" 400 173 "-" "-" "-"
80.82.78.38 - - [15/Sep/2016:05:58:24 +0800] "GET http://www.baidu.com/cache/global/img/gs.gif HTTP/1.1" 500 193 "-" "Mozilla" "-"
23.251.49.10 - - [15/Sep/2016:06:22:27 +0800] "GET http://www.luisaranguren.com/azenv.php HTTP/1.1" 500 595 "-" "Mozilla/5.0 (compatible; MSIE 6.0; Windows NT 5.1; Trident/5.0)" "-"
23.251.49.10 - - [15/Sep/2016:06:22:28 +0800] "CONNECT www.baidu.com:443 HTTP/1.1" 400 173 "-" "-" "-"
23.251.49.10 - - [15/Sep/2016:07:32:51 +0800] "GET http://www.sbjudge2.com/azenv.php HTTP/1.1" 500 595 "-" "Mozilla/5.0 (compatible; MSIE 6.0; Windows NT 5.1; Trident/5.0)" "-"
23.251.49.10 - - [15/Sep/2016:07:32:52 +0800] "CONNECT www.baidu.com:443 HTTP/1.1" 400 173 "-" "-" "-"
23.251.49.10 - - [15/Sep/2016:08:56:29 +0800] "GET http://domkrim.com/av.php HTTP/1.1" 500 595 "-" "Mozilla/5.0 (compatible; MSIE 6.0; Windows NT 5.1; Trident/5.0)" "-"
23.251.49.10 - - [15/Sep/2016:08:56:30 +0800] "CONNECT www.baidu.com:443 HTTP/1.1" 400 173 "-" "-" "-"
101.200.78.64 - - [15/Sep/2016:09:32:58 +0800] "GET /admin HTTP/1.1" 500 193 "-" "-" "-"
180.97.106.37 - - [15/Sep/2016:09:52:32 +0800] "\x04\x01\x00P\xB4\xA3qR\x00" 400 173 "-" "-" "-"
23.251.49.10 - - [15/Sep/2016:10:13:23 +0800] "GET http://www.proxy-listen.de/azenv.php HTTP/1.1" 500 595 "-" "Mozilla/5.0 (compatible; MSIE 6.0; Windows NT 5.1; Trident/5.0)" "-"
23.251.49.10 - - [15/Sep/2016:10:13:23 +0800] "CONNECT www.baidu.com:443 HTTP/1.1" 400 173 "-" "-" "-"
23.251.49.10 - - [15/Sep/2016:10:13:37 +0800] "GET http://fr.cyberpods.net/ HTTP/1.1" 500 595 "-" "Mozilla/5.0 (compatible; MSIE 6.0; Windows NT 5.1; Trident/5.0)" "-"
23.251.49.10 - - [15/Sep/2016:10:13:38 +0800] "CONNECT www.baidu.com:443 HTTP/1.1" 400 173 "-" "-" "-"
23.251.49.10 - - [15/Sep/2016:11:39:07 +0800] "GET http://www.sbjudge2.com/azenv.php HTTP/1.1" 500 595 "-" "Mozilla/5.0 (compatible; MSIE 6.0; Windows NT 5.1; Trident/5.0)" "-"
23.251.49.10 - - [15/Sep/2016:11:39:10 +0800] "CONNECT www.alipay.com:443 HTTP/1.1" 400 173 "-" "-" "-"
180.97.106.161 - - [15/Sep/2016:12:35:27 +0800] "\x05\x02\x00\x02" 400 173 "-" "-" "-"
23.251.49.10 - - [15/Sep/2016:13:16:22 +0800] "GET http://proxyjudge.us/ HTTP/1.1" 500 595 "-" "Mozilla/5.0 (compatible; MSIE 6.0; Windows NT 5.1; Trident/5.0)" "-"
23.251.49.10 - - [15/Sep/2016:13:16:27 +0800] "CONNECT www.baidu.com:443 HTTP/1.1" 400 173 "-" "-" "-"
111.73.46.107 - - [15/Sep/2016:13:26:35 +0800] "HEAD /phpmyadmin/index.php HTTP/1.1" 500 0 "-" "-" "-"
117.71.38.105 - - [15/Sep/2016:13:28:40 +0800] "GET / HTTP/1.1" 500 595 "http://119.84.15.139:80/" "Mozilla/4.0 (compatible; MSIE 9.0; Windows NT 6.1)" "-"
218.246.65.29 - - [15/Sep/2016:14:07:29 +0800] "HEAD / HTTP/1.0" 500 0 "-" "-" "-"
23.251.49.10 - - [15/Sep/2016:14:36:01 +0800] "GET http://proxyjudge.us/ HTTP/1.1" 500 595 "-" "Mozilla/5.0 (compatible; MSIE 6.0; Windows NT 5.1; Trident/5.0)" "-"
23.251.49.10 - - [15/Sep/2016:14:36:02 +0800] "CONNECT www.alipay.com:443 HTTP/1.1" 400 173 "-" "-" "-"
23.251.49.10 - - [15/Sep/2016:16:06:28 +0800] "CONNECT www.baidu.com:443 HTTP/1.1" 400 173 "-" "-" "-"
211.1.156.90 - - [15/Sep/2016:16:11:04 +0800] "HEAD / HTTP/1.0" 500 0 "-" "-" "-"
218.22.64.102 - - [15/Sep/2016:17:32:26 +0800] "GET / HTTP/1.1" 500 595 "http://119.84.15.139:80/" "Mozilla/4.0 (compatible; MSIE 9.0; Windows NT 6.1)" "-"
23.251.49.10 - - [15/Sep/2016:17:36:06 +0800] "GET http://www.sbjudge1.com/azenv.php HTTP/1.1" 500 595 "-" "Mozilla/5.0 (compatible; MSIE 6.0; Windows NT 5.1; Trident/5.0)" "-"
23.251.49.10 - - [15/Sep/2016:17:36:07 +0800] "CONNECT www.alipay.com:443 HTTP/1.1" 400 173 "-" "-" "-"
23.251.49.10 - - [15/Sep/2016:19:08:12 +0800] "GET http://domkrim.com/av.php HTTP/1.1" 500 595 "-" "Mozilla/5.0 (compatible; MSIE 6.0; Windows NT 5.1; Trident/5.0)" "-"
23.251.49.10 - - [15/Sep/2016:19:08:13 +0800] "CONNECT www.baidu.com:443 HTTP/1.1" 400 173 "-" "-" "-"
23.251.49.10 - - [15/Sep/2016:19:08:29 +0800] "GET http://www.sbjudge3.com/azenv.php HTTP/1.1" 500 595 "-" "Mozilla/5.0 (compatible; MSIE 6.0; Windows NT 5.1; Trident/5.0)" "-"
23.251.49.10 - - [15/Sep/2016:19:08:30 +0800] "CONNECT www.alipay.com:443 HTTP/1.1" 400 173 "-" "-" "-"
61.231.3.153 - - [15/Sep/2016:19:58:22 +0800] "CONNECT 163mx00.mxmail.netease.com:25 HTTP/1.0" 400 0 "-" "-" "-"
23.251.49.10 - - [15/Sep/2016:20:10:53 +0800] "GET http://www.sbjudge3.com/azenv.php HTTP/1.1" 500 595 "-" "Mozilla/5.0 (compatible; MSIE 6.0; Windows NT 5.1; Trident/5.0)" "-"
23.251.49.10 - - [15/Sep/2016:20:10:53 +0800] "CONNECT www.alipay.com:443 HTTP/1.1" 400 173 "-" "-" "-"
191.96.249.80 - - [15/Sep/2016:20:57:17 +0800] "GET /xmlrpc.php HTTP/1.1" 500 193 "-" "Mozilla/5.0 zgrab/0.x" "-"
169.229.3.91 - - [15/Sep/2016:20:57:29 +0800] "J\xE35^\x93\xE7|\xC7\x14\xFBb\x01\xB5\x1C\xCA\xA1\x86`4\xD3I\x89*L\x9E\xDCU\xF7b\xD6A\x16\xC6k\xBC\x94\xB3~q\xED\x1A\x02\xD3\xFF\xC9\xF51\x1B1Y8[\xAB\x16\x9FCJ\x0C\x0C\x8D\xBE/E\xB3" 400 173 "-" "-" "-"
128.232.110.28 - - [15/Sep/2016:22:16:05 +0800] "GET / HTTP/1.1" 500 193 "-" "Mozilla/5.0 zgrab/0.x" "-"
222.180.149.236 - - [15/Sep/2016:22:18:04 +0800] "GET / HTTP/1.1" 301 185 "-" "Mozilla/5.0 (Windows NT 6.1) AppleWebKit/537.36 (KHTML, like Gecko) Chrome/35.0.1916.153 Safari/537.36" "-"
222.180.149.236 - - [15/Sep/2016:23:59:56 +0800] "GET / HTTP/1.1" 301 185 "-" "Mozilla/5.0 (Windows NT 6.1) AppleWebKit/537.36 (KHTML, like Gecko) Chrome/35.0.1916.153 Safari/537.36" "-"
222.180.149.236 - - [16/Sep/2016:00:11:48 +0800] "GET / HTTP/1.1" 302 161 "-" "Mozilla/5.0 (Windows NT 6.1) AppleWebKit/537.36 (KHTML, like Gecko) Chrome/35.0.1916.153 Safari/537.36" "-"
163.172.169.116 - - [16/Sep/2016:00:56:01 +0800] "GET http://www.baidu.com/cache/global/img/gs.gif HTTP/1.1" 500 193 "-" "Mozilla" "-"
163.172.169.116 - - [16/Sep/2016:00:56:03 +0800] "GET http://www.baidu.com/cache/global/img/gs.gif HTTP/1.1" 500 193 "-" "Mozilla" "-"
222.180.149.236 - - [16/Sep/2016:02:08:22 +0800] "GET / HTTP/1.1" 302 161 "-" "Mozilla/5.0 (Windows NT 6.1) AppleWebKit/537.36 (KHTML, like Gecko) Chrome/35.0.1916.153 Safari/537.36" "-"
219.153.42.170 - - [16/Sep/2016:03:49:40 +0800] "GET / HTTP/1.1" 500 193 "-" "Java/1.7.0_91" "-"
222.180.149.236 - - [16/Sep/2016:03:56:18 +0800] "GET / HTTP/1.1" 301 185 "-" "Mozilla/5.0 (Windows NT 6.1) AppleWebKit/537.36 (KHTML, like Gecko) Chrome/35.0.1916.153 Safari/537.36" "-"
116.228.86.166 - - [16/Sep/2016:04:08:09 +0800] "HEAD / HTTP/1.0" 500 0 "-" "-" "-"
80.82.78.38 - - [16/Sep/2016:04:08:19 +0800] "GET http://www.baidu.com/cache/global/img/gs.gif HTTP/1.1" 500 193 "-" "Mozilla" "-"
112.74.206.117 - - [16/Sep/2016:04:42:33 +0800] "GET / HTTP/1.1" 500 193 "-" "-" "-"
222.187.221.112 - - [16/Sep/2016:06:12:40 +0800] "GET /phpMyAdmin/index.php HTTP/1.1" 500 595 "http://119.84.15.139/phpMyAdmin/index.php" "Mozilla/4.0 (compatible; MSIE 9.0; Windows NT 6.1)" "-"
23.251.49.10 - - [16/Sep/2016:06:58:32 +0800] "GET http://proxyjudge.us/ HTTP/1.1" 500 595 "-" "Mozilla/5.0 (compatible; MSIE 6.0; Windows NT 5.1; Trident/5.0)" "-"
23.251.49.10 - - [16/Sep/2016:06:58:32 +0800] "CONNECT www.baidu.com:443 HTTP/1.1" 400 173 "-" "-" "-"
222.180.149.236 - - [16/Sep/2016:07:16:14 +0800] "GET / HTTP/1.1" 302 161 "-" "Mozilla/5.0 (Windows NT 6.1) AppleWebKit/537.36 (KHTML, like Gecko) Chrome/35.0.1916.153 Safari/537.36" "-"
23.251.49.10 - - [16/Sep/2016:09:54:19 +0800] "GET http://fr.cyberpods.net/ HTTP/1.1" 500 595 "-" "Mozilla/5.0 (compatible; MSIE 6.0; Windows NT 5.1; Trident/5.0)" "-"
23.251.49.10 - - [16/Sep/2016:09:54:24 +0800] "CONNECT www.baidu.com:443 HTTP/1.1" 400 173 "-" "-" "-"
113.57.187.86 - - [16/Sep/2016:10:13:37 +0800] "GET / HTTP/1.1" 301 185 "-" "Mozilla/5.0 (Windows NT 10.0; WOW64) AppleWebKit/537.36 (KHTML, like Gecko) Chrome/50.0.2661.102 Safari/537.36" "-"
113.57.187.86 - - [16/Sep/2016:10:18:55 +0800] "GET /favicon.ico HTTP/1.1" 302 161 "-" "Mozilla/5.0 (Windows NT 10.0; WOW64) AppleWebKit/537.36 (KHTML, like Gecko) Chrome/45.0.2454.101 Safari/537.36" "-"
113.57.187.86 - - [16/Sep/2016:10:18:56 +0800] "GET / HTTP/1.1" 302 161 "-" "Mozilla/5.0 (Windows NT 10.0; WOW64) AppleWebKit/537.36 (KHTML, like Gecko) Chrome/45.0.2454.101 Safari/537.36" "-"
113.57.187.86 - - [16/Sep/2016:10:19:20 +0800] "GET /favicon.ico HTTP/1.1" 301 185 "-" "Mozilla/5.0 (Windows NT 10.0; WOW64) AppleWebKit/537.36 (KHTML, like Gecko) Chrome/45.0.2454.101 Safari/537.36" "-"
113.57.187.86 - - [16/Sep/2016:10:19:21 +0800] "GET / HTTP/1.1" 301 185 "-" "Mozilla/5.0 (Windows NT 10.0; WOW64) AppleWebKit/537.36 (KHTML, like Gecko) Chrome/45.0.2454.101 Safari/537.36" "-"
113.57.187.86 - - [16/Sep/2016:10:19:59 +0800] "GET / HTTP/1.1" 301 185 "-" "Mozilla/5.0 (Windows NT 10.0; WOW64) AppleWebKit/537.36 (KHTML, like Gecko) Chrome/45.0.2454.101 Safari/537.36" "-"
113.57.187.86 - - [16/Sep/2016:10:20:39 +0800] "GET / HTTP/1.1" 301 185 "-" "Mozilla/5.0 (Windows NT 10.0; WOW64) AppleWebKit/537.36 (KHTML, like Gecko) Chrome/45.0.2454.101 Safari/537.36" "-"
113.57.187.86 - - [16/Sep/2016:10:20:56 +0800] "GET / HTTP/1.1" 301 185 "-" "Mozilla/5.0 (Windows NT 10.0; Win64; x64) AppleWebKit/537.36 (KHTML, like Gecko) Chrome/46.0.2486.0 Safari/537.36 Edge/13.10586" "-"
113.57.187.86 - - [16/Sep/2016:10:24:13 +0800] "GET / HTTP/1.1" 301 185 "-" "Mozilla/5.0 (Windows NT 10.0; WOW64) AppleWebKit/537.36 (KHTML, like Gecko) Chrome/50.0.2661.102 Safari/537.36" "-"
113.57.187.86 - - [16/Sep/2016:10:55:29 +0800] "GET / HTTP/1.1" 301 185 "-" "Mozilla/5.0 (Windows NT 10.0; WOW64) AppleWebKit/537.36 (KHTML, like Gecko) Chrome/50.0.2661.102 Safari/537.36" "-"
110.173.20.61 - - [16/Sep/2016:12:08:50 +0800] "POST /index.action HTTP/1.1" 500 193 "-" "Mozilla/5.0" "-"
115.28.7.221 - - [16/Sep/2016:16:17:01 +0800] "HEAD / HTTP/1.0" 500 0 "-" "-" "-"
23.251.49.10 - - [16/Sep/2016:18:08:01 +0800] "GET http://fr.cyberpods.net/ HTTP/1.1" 500 595 "-" "Mozilla/5.0 (compatible; MSIE 6.0; Windows NT 5.1; Trident/5.0)" "-"
23.251.49.10 - - [16/Sep/2016:18:08:08 +0800] "CONNECT www.alipay.com:443 HTTP/1.1" 400 173 "-" "-" "-"
119.86.165.243 - admin [16/Sep/2016:20:19:31 +0800] "GET /ISAPI/Security/userCheck HTTP/1.1" 500 193 "-" "python-requests/2.11.1" "-"
114.44.59.238 - - [16/Sep/2016:20:42:42 +0800] "CONNECT vip163mx01.mxmail.netease.com:25 HTTP/1.0" 400 173 "-" "-" "-"
218.246.65.29 - - [16/Sep/2016:21:06:06 +0800] "HEAD / HTTP/1.0" 500 0 "-" "-" "-"
119.86.165.243 - admin [16/Sep/2016:21:22:51 +0800] "GET /ISAPI/Security/userCheck HTTP/1.1" 500 193 "-" "python-requests/2.11.1" "-"
115.160.171.43 - - [16/Sep/2016:21:45:08 +0800] "GET /manager/html HTTP/1.1" 500 193 "-" "Mozilla/3.0 (compatible; Indy Library)" "-"
222.180.149.236 - - [16/Sep/2016:22:20:01 +0800] "GET / HTTP/1.1" 301 185 "-" "Mozilla/5.0 (Windows NT 6.1) AppleWebKit/537.36 (KHTML, like Gecko) Chrome/35.0.1916.153 Safari/537.36" "-"
23.251.49.10 - - [16/Sep/2016:22:55:24 +0800] "GET http://proxyjudge.us/ HTTP/1.1" 500 595 "-" "Mozilla/5.0 (compatible; MSIE 6.0; Windows NT 5.1; Trident/5.0)" "-"
23.251.49.10 - - [16/Sep/2016:22:55:25 +0800] "CONNECT www.baidu.com:443 HTTP/1.1" 400 173 "-" "-" "-"
54.187.135.20 - - [16/Sep/2016:23:27:02 +0800] "GET / HTTP/1.1" 500 595 "-" "Mozilla/5.0 (Macintosh; Intel Mac OS X 10_11_5) AppleWebKit/537.36 (KHTML, like Gecko) Chrome/50.0.2661.102 Safari/537.36" "-"
119.86.165.243 - admin [16/Sep/2016:23:32:30 +0800] "GET /ISAPI/Security/userCheck HTTP/1.1" 500 193 "-" "python-requests/2.11.1" "-"
23.251.49.10 - - [17/Sep/2016:00:08:28 +0800] "GET http://www.proxyjudge.info/azenv.php HTTP/1.1" 500 595 "-" "Mozilla/5.0 (compatible; MSIE 6.0; Windows NT 5.1; Trident/5.0)" "-"
23.251.49.10 - - [17/Sep/2016:00:08:32 +0800] "CONNECT www.alipay.com:443 HTTP/1.1" 400 173 "-" "-" "-"
222.180.149.236 - - [17/Sep/2016:00:10:47 +0800] "GET / HTTP/1.1" 302 161 "-" "Mozilla/5.0 (Windows NT 6.1) AppleWebKit/537.36 (KHTML, like Gecko) Chrome/35.0.1916.153 Safari/537.36" "-"
141.212.122.16 - - [17/Sep/2016:00:32:18 +0800] "GET / HTTP/1.1" 500 193 "-" "Mozilla/5.0 zgrab/0.x" "-"
118.123.244.77 - - [17/Sep/2016:00:57:57 +0800] "GET / HTTP/1.1" 500 595 "http://119.84.15.139:80/" "Mozilla/4.0 (compatible; MSIE 9.0; Windows NT 6.1)" "-"
23.251.49.10 - - [17/Sep/2016:01:54:51 +0800] "GET http://www.sbjudge1.com/azenv.php HTTP/1.1" 500 595 "-" "Mozilla/5.0 (compatible; MSIE 6.0; Windows NT 5.1; Trident/5.0)" "-"
23.251.49.10 - - [17/Sep/2016:01:54:52 +0800] "CONNECT www.baidu.com:443 HTTP/1.1" 400 173 "-" "-" "-"
23.251.49.10 - - [17/Sep/2016:01:55:22 +0800] "GET http://www.proxyjudge.info/azenv.php HTTP/1.1" 500 595 "-" "Mozilla/5.0 (compatible; MSIE 6.0; Windows NT 5.1; Trident/5.0)" "-"
23.251.49.10 - - [17/Sep/2016:01:55:27 +0800] "CONNECT www.alipay.com:443 HTTP/1.1" 400 173 "-" "-" "-"
80.82.78.38 - - [17/Sep/2016:02:13:20 +0800] "GET http://www.baidu.com/cache/global/img/gs.gif HTTP/1.1" 500 193 "-" "Mozilla" "-"
219.153.42.170 - - [17/Sep/2016:03:49:46 +0800] "GET / HTTP/1.1" 500 193 "-" "Java/1.7.0_91" "-"
123.56.233.103 - - [17/Sep/2016:03:55:47 +0800] "GET /admin HTTP/1.1" 500 193 "-" "-" "-"
172.82.166.210 - - [17/Sep/2016:04:57:14 +0800] "GET http://www.baidu.com/cache/global/img/gs.gif HTTP/1.1" 500 193 "-" "Mozilla" "-"
121.199.70.200 - - [17/Sep/2016:05:47:47 +0800] "GET / HTTP/1.1" 500 193 "-" "-" "-"
1.171.248.23 - - [17/Sep/2016:06:28:11 +0800] "CONNECT 163mx01.mxmail.netease.com:25 HTTP/1.0" 400 173 "-" "-" "-"
123.59.59.52 - - [17/Sep/2016:07:54:40 +0800] "GET http://www.qyer.com/ HTTP/1.1" 500 193 "-" "Mozilla/5.0 (Windows NT 6.1; WOW64; rv:29.0) Gecko/20100101 Firefox/29.0" "-"
120.132.50.135 - - [17/Sep/2016:07:54:41 +0800] "GET http://www.elong.com/ HTTP/1.1" 500 193 "-" "Mozilla/5.0 (Windows NT 6.1; WOW64; rv:29.0) Gecko/20100101 Firefox/29.0" "-"
120.132.50.135 - - [17/Sep/2016:07:54:53 +0800] "GET http://www.qyer.com/ HTTP/1.1" 500 193 "-" "Mozilla/5.0 (Windows NT 6.1; WOW64; rv:29.0) Gecko/20100101 Firefox/29.0" "-"
61.216.2.13 - - [17/Sep/2016:08:13:19 +0800] "GET / HTTP/1.1" 400 575 "-" "Mozilla/5.0 (Windows NT 6.3; WOW64) AppleWebKit/537.36 (KHTML, like Gecko) Chrome/45.0.2454.101 Safari/537.36" "-"
114.215.239.201 - - [17/Sep/2016:11:11:30 +0800] "GET /admin HTTP/1.1" 500 193 "-" "-" "-"
123.59.59.52 - - [17/Sep/2016:11:32:04 +0800] "GET http://www.qunar.com/ HTTP/1.1" 500 193 "-" "Mozilla/5.0 (Windows NT 6.1; WOW64; rv:29.0) Gecko/20100101 Firefox/29.0" "-"
23.251.49.10 - - [17/Sep/2016:14:28:35 +0800] "GET http://www.proxy-listen.de/azenv.php HTTP/1.1" 500 595 "-" "Mozilla/5.0 (compatible; MSIE 6.0; Windows NT 5.1; Trident/5.0)" "-"
23.251.49.10 - - [17/Sep/2016:14:28:43 +0800] "CONNECT www.baidu.com:443 HTTP/1.1" 400 173 "-" "-" "-"
23.251.49.10 - - [17/Sep/2016:18:22:34 +0800] "GET http://www.sbjudge2.com/azenv.php HTTP/1.1" 500 595 "-" "Mozilla/5.0 (compatible; MSIE 6.0; Windows NT 5.1; Trident/5.0)" "-"
23.251.49.10 - - [17/Sep/2016:18:22:39 +0800] "CONNECT www.alipay.com:443 HTTP/1.1" 400 173 "-" "-" "-"
23.251.49.10 - - [17/Sep/2016:18:23:46 +0800] "GET http://domkrim.com/av.php HTTP/1.1" 500 595 "-" "Mozilla/5.0 (compatible; MSIE 6.0; Windows NT 5.1; Trident/5.0)" "-"
23.251.49.10 - - [17/Sep/2016:18:23:50 +0800] "CONNECT www.baidu.com:443 HTTP/1.1" 400 173 "-" "-" "-"
68.235.52.238 - - [17/Sep/2016:18:52:34 +0800] "GET /phpMyAdmin/scripts/setup.php HTTP/1.1" 500 193 "-" "-" "-"
68.235.52.238 - - [17/Sep/2016:18:53:52 +0800] "GET /pma/scripts/setup.php HTTP/1.1" 500 193 "-" "-" "-"
68.235.52.238 - - [17/Sep/2016:18:55:10 +0800] "GET /myadmin/scripts/setup.php HTTP/1.1" 500 193 "-" "-" "-"
101.200.126.89 - - [17/Sep/2016:19:21:56 +0800] "GET http://www.izhongsai.com/ HTTP/1.1" 500 595 "-" "Mozilla/5.0 (compatible; MSIE 9.0; AOL 9.0; Windows NT 6.0; Trident/5.0)" "-"
123.56.233.113 - - [17/Sep/2016:19:31:40 +0800] "GET / HTTP/1.1" 500 193 "-" "-" "-"
23.251.49.10 - - [17/Sep/2016:20:23:50 +0800] "GET http://www.luisaranguren.com/azenv.php HTTP/1.1" 500 595 "-" "Mozilla/5.0 (compatible; MSIE 6.0; Windows NT 5.1; Trident/5.0)" "-"
23.251.49.10 - - [17/Sep/2016:20:23:54 +0800] "CONNECT www.baidu.com:443 HTTP/1.1" 400 173 "-" "-" "-"
23.251.49.10 - - [17/Sep/2016:20:24:36 +0800] "GET http://domkrim.com/av.php HTTP/1.1" 500 595 "-" "Mozilla/5.0 (compatible; MSIE 6.0; Windows NT 5.1; Trident/5.0)" "-"
23.251.49.10 - - [17/Sep/2016:20:24:41 +0800] "CONNECT www.alipay.com:443 HTTP/1.1" 400 173 "-" "-" "-"
36.226.247.85 - - [17/Sep/2016:21:30:01 +0800] "CONNECT 163mx02.mxmail.netease.com:25 HTTP/1.0" 400 173 "-" "-" "-"
80.82.78.38 - - [18/Sep/2016:00:35:00 +0800] "GET http://www.baidu.com/cache/global/img/gs.gif HTTP/1.1" 500 193 "-" "Mozilla" "-"
219.153.42.170 - - [18/Sep/2016:03:49:51 +0800] "GET / HTTP/1.1" 500 193 "-" "Java/1.7.0_91" "-"
222.177.27.253 - - [18/Sep/2016:10:32:53 +0800] "GET / HTTP/1.1" 301 185 "-" "Mozilla/5.0 (Windows NT 6.1; WOW64) AppleWebKit/537.36 (KHTML, like Gecko) Chrome/52.0.2743.116 Safari/537.36" "-"
43.248.11.10 - - [18/Sep/2016:10:38:17 +0800] "HEAD /phpmyadmin/index.php HTTP/1.1" 500 0 "-" "-" "-"
222.177.27.253 - - [18/Sep/2016:11:02:39 +0800] "GET /favicon.ico HTTP/1.1" 301 185 "-" "Mozilla/5.0 (Windows NT 6.1; WOW64) AppleWebKit/537.36 (KHTML, like Gecko) Chrome/31.0.1650.63 Safari/537.36" "-"
222.177.27.253 - - [18/Sep/2016:11:02:39 +0800] "GET / HTTP/1.1" 301 185 "-" "Mozilla/5.0 (Windows NT 6.1; WOW64) AppleWebKit/537.36 (KHTML, like Gecko) Chrome/31.0.1650.63 Safari/537.36" "-"
222.177.27.253 - - [18/Sep/2016:11:24:33 +0800] "GET /favicon.ico HTTP/1.1" 301 185 "-" "Mozilla/5.0 (Windows NT 6.1; WOW64) AppleWebKit/537.36 (KHTML, like Gecko) Chrome/31.0.1650.63 Safari/537.36" "-"
222.177.27.253 - - [18/Sep/2016:11:24:37 +0800] "GET / HTTP/1.1" 301 185 "-" "Mozilla/5.0 (Windows NT 6.1; WOW64) AppleWebKit/537.36 (KHTML, like Gecko) Chrome/31.0.1650.63 Safari/537.36" "-"
163.172.169.116 - - [18/Sep/2016:11:33:38 +0800] "GET http://www.baidu.com/cache/global/img/gs.gif HTTP/1.1" 500 193 "-" "Mozilla" "-"
222.177.27.253 - - [18/Sep/2016:11:55:45 +0800] "GET /favicon.ico HTTP/1.1" 301 185 "-" "Mozilla/5.0 (Windows NT 6.1; WOW64) AppleWebKit/537.36 (KHTML, like Gecko) Chrome/31.0.1650.63 Safari/537.36" "-"
222.177.27.253 - - [18/Sep/2016:11:55:46 +0800] "GET / HTTP/1.1" 301 185 "-" "Mozilla/5.0 (Windows NT 6.1; WOW64) AppleWebKit/537.36 (KHTML, like Gecko) Chrome/31.0.1650.63 Safari/537.36" "-"
23.251.49.10 - - [18/Sep/2016:12:32:27 +0800] "GET http://proxyjudge.us/ HTTP/1.1" 500 595 "-" "Mozilla/5.0 (compatible; MSIE 6.0; Windows NT 5.1; Trident/5.0)" "-"
23.251.49.10 - - [18/Sep/2016:12:32:28 +0800] "CONNECT www.alipay.com:443 HTTP/1.1" 400 173 "-" "-" "-"
23.251.49.10 - - [18/Sep/2016:12:32:47 +0800] "GET http://proxyjudge.us/ HTTP/1.1" 500 595 "-" "Mozilla/5.0 (compatible; MSIE 6.0; Windows NT 5.1; Trident/5.0)" "-"
23.251.49.10 - - [18/Sep/2016:12:32:48 +0800] "CONNECT www.baidu.com:443 HTTP/1.1" 400 173 "-" "-" "-"
222.177.27.253 - - [18/Sep/2016:12:55:40 +0800] "GET /favicon.ico HTTP/1.1" 301 185 "-" "Mozilla/5.0 (Windows NT 6.1; WOW64) AppleWebKit/537.36 (KHTML, like Gecko) Chrome/31.0.1650.63 Safari/537.36" "-"
222.177.27.253 - - [18/Sep/2016:12:55:42 +0800] "GET / HTTP/1.1" 301 185 "-" "Mozilla/5.0 (Windows NT 6.1; WOW64) AppleWebKit/537.36 (KHTML, like Gecko) Chrome/31.0.1650.63 Safari/537.36" "-"
112.74.206.117 - - [18/Sep/2016:13:31:50 +0800] "GET /admin HTTP/1.1" 500 193 "-" "-" "-"
222.186.21.217 - - [18/Sep/2016:13:36:49 +0800] "GET /phpmyadmin HTTP/1.1" 500 595 "http://119.84.15.139/phpmyadmin" "Mozilla/4.0 (compatible; MSIE 9.0; Windows NT 6.1)" "-"
23.251.49.10 - - [18/Sep/2016:13:46:33 +0800] "GET http://www.proxyjudge.info/azenv.php HTTP/1.1" 500 595 "-" "Mozilla/5.0 (compatible; MSIE 6.0; Windows NT 5.1; Trident/5.0)" "-"
23.251.49.10 - - [18/Sep/2016:13:46:34 +0800] "CONNECT www.baidu.com:443 HTTP/1.1" 400 173 "-" "-" "-"
222.177.27.253 - - [18/Sep/2016:14:15:05 +0800] "GET /favicon.ico HTTP/1.1" 301 185 "-" "Mozilla/5.0 (Windows NT 6.1; WOW64) AppleWebKit/537.36 (KHTML, like Gecko) Chrome/31.0.1650.63 Safari/537.36" "-"
89.163.133.20 - - [18/Sep/2016:14:19:09 +0800] "GET /cgi-bin/test-cgi HTTP/1.1" 500 595 "-" "Mozilla/4.0 (compatible; MSIE 6.0; Windows 98)" "-"
89.163.133.20 - - [18/Sep/2016:14:19:09 +0800] "GET <title>phpMyAdmin HTTP/1.1" 400 173 "-" "-" "-"
202.100.78.130 - - [18/Sep/2016:14:27:37 +0800] "HEAD / HTTP/1.0" 500 0 "-" "-" "-"
222.177.27.253 - - [18/Sep/2016:14:46:44 +0800] "GET /favicon.ico HTTP/1.1" 404 69 "-" "Mozilla/5.0 (Windows NT 6.1; WOW64) AppleWebKit/537.36 (KHTML, like Gecko) Chrome/31.0.1650.63 Safari/537.36" "-"
222.177.27.253 - - [18/Sep/2016:14:46:45 +0800] "GET / HTTP/1.1" 302 0 "-" "Mozilla/5.0 (Windows NT 6.1; WOW64) AppleWebKit/537.36 (KHTML, like Gecko) Chrome/31.0.1650.63 Safari/537.36" "-"
222.177.27.253 - - [18/Sep/2016:14:46:45 +0800] "GET /login/ HTTP/1.1" 200 770 "-" "Mozilla/5.0 (Windows NT 6.1; WOW64) AppleWebKit/537.36 (KHTML, like Gecko) Chrome/31.0.1650.63 Safari/537.36" "-"
222.177.27.253 - - [18/Sep/2016:14:46:45 +0800] "GET /static/font-awesome/css/font-awesome.css HTTP/1.1" 200 5903 "http://pushell.hlxy.com/login/" "Mozilla/5.0 (Windows NT 6.1; WOW64) AppleWebKit/537.36 (KHTML, like Gecko) Chrome/31.0.1650.63 Safari/537.36" "-"
222.177.27.253 - - [18/Sep/2016:14:46:45 +0800] "GET /static/css/bootstrap.min.css HTTP/1.1" 200 22622 "http://pushell.hlxy.com/login/" "Mozilla/5.0 (Windows NT 6.1; WOW64) AppleWebKit/537.36 (KHTML, like Gecko) Chrome/31.0.1650.63 Safari/537.36" "-"
222.177.27.253 - - [18/Sep/2016:14:46:45 +0800] "GET /static/css/animate.css HTTP/1.1" 200 6122 "http://pushell.hlxy.com/login/" "Mozilla/5.0 (Windows NT 6.1; WOW64) AppleWebKit/537.36 (KHTML, like Gecko) Chrome/31.0.1650.63 Safari/537.36" "-"
222.177.27.253 - - [18/Sep/2016:14:46:45 +0800] "GET /static/css/style.css HTTP/1.1" 200 20401 "http://pushell.hlxy.com/login/" "Mozilla/5.0 (Windows NT 6.1; WOW64) AppleWebKit/537.36 (KHTML, like Gecko) Chrome/31.0.1650.63 Safari/537.36" "-"
222.177.27.253 - - [18/Sep/2016:14:46:46 +0800] "GET /static/img/pushell.png HTTP/1.1" 200 50337 "http://pushell.hlxy.com/login/" "Mozilla/5.0 (Windows NT 6.1; WOW64) AppleWebKit/537.36 (KHTML, like Gecko) Chrome/31.0.1650.63 Safari/537.36" "-"
222.177.27.253 - - [18/Sep/2016:14:46:46 +0800] "GET /static/js/bootstrap.min.js HTTP/1.1" 200 34653 "http://pushell.hlxy.com/login/" "Mozilla/5.0 (Windows NT 6.1; WOW64) AppleWebKit/537.36 (KHTML, like Gecko) Chrome/31.0.1650.63 Safari/537.36" "-"
222.177.27.253 - - [18/Sep/2016:14:46:46 +0800] "GET /static/js/jquery-2.1.1.js HTTP/1.1" 200 84244 "http://pushell.hlxy.com/login/" "Mozilla/5.0 (Windows NT 6.1; WOW64) AppleWebKit/537.36 (KHTML, like Gecko) Chrome/31.0.1650.63 Safari/537.36" "-"
222.177.27.253 - - [18/Sep/2016:14:46:46 +0800] "GET /favicon.ico HTTP/1.1" 404 69 "-" "Mozilla/5.0 (Windows NT 6.1; WOW64) AppleWebKit/537.36 (KHTML, like Gecko) Chrome/31.0.1650.63 Safari/537.36" "-"
222.177.27.253 - - [18/Sep/2016:14:46:50 +0800] "POST /login/ HTTP/1.1" 200 836 "http://pushell.hlxy.com/login/" "Mozilla/5.0 (Windows NT 6.1; WOW64) AppleWebKit/537.36 (KHTML, like Gecko) Chrome/31.0.1650.63 Safari/537.36" "-"
222.177.27.253 - - [18/Sep/2016:14:46:59 +0800] "POST /login/ HTTP/1.1" 302 0 "http://pushell.hlxy.com/login/" "Mozilla/5.0 (Windows NT 6.1; WOW64) AppleWebKit/537.36 (KHTML, like Gecko) Chrome/31.0.1650.63 Safari/537.36" "-"
222.177.27.253 - - [18/Sep/2016:14:46:59 +0800] "GET / HTTP/1.1" 302 0 "http://pushell.hlxy.com/login/" "Mozilla/5.0 (Windows NT 6.1; WOW64) AppleWebKit/537.36 (KHTML, like Gecko) Chrome/31.0.1650.63 Safari/537.36" "-"
222.177.27.253 - - [18/Sep/2016:14:46:59 +0800] "GET /juser/user/detail/ HTTP/1.1" 200 4144 "http://pushell.hlxy.com/login/" "Mozilla/5.0 (Windows NT 6.1; WOW64) AppleWebKit/537.36 (KHTML, like Gecko) Chrome/31.0.1650.63 Safari/537.36" "-"
222.177.27.253 - - [18/Sep/2016:14:46:59 +0800] "GET /static/css/plugins/iCheck/custom.css HTTP/1.1" 200 479 "http://pushell.hlxy.com/juser/user/detail/" "Mozilla/5.0 (Windows NT 6.1; WOW64) AppleWebKit/537.36 (KHTML, like Gecko) Chrome/31.0.1650.63 Safari/537.36" "-"
222.177.27.253 - - [18/Sep/2016:14:46:59 +0800] "GET /static/css/colorbox.css HTTP/1.1" 200 1169 "http://pushell.hlxy.com/juser/user/detail/" "Mozilla/5.0 (Windows NT 6.1; WOW64) AppleWebKit/537.36 (KHTML, like Gecko) Chrome/31.0.1650.63 Safari/537.36" "-"
222.177.27.253 - - [18/Sep/2016:14:46:59 +0800] "GET /static/css/vaildator/jquery.validator.css HTTP/1.1" 200 1141 "http://pushell.hlxy.com/juser/user/detail/" "Mozilla/5.0 (Windows NT 6.1; WOW64) AppleWebKit/537.36 (KHTML, like Gecko) Chrome/31.0.1650.63 Safari/537.36" "-"
222.177.27.253 - - [18/Sep/2016:14:46:59 +0800] "GET /static/css/magnific/magnific-popup.css HTTP/1.1" 200 2219 "http://pushell.hlxy.com/juser/user/detail/" "Mozilla/5.0 (Windows NT 6.1; WOW64) AppleWebKit/537.36 (KHTML, like Gecko) Chrome/31.0.1650.63 Safari/537.36" "-"
222.177.27.253 - - [18/Sep/2016:14:46:59 +0800] "GET /static/css/plugins/fullcalendar/fullcalendar.css HTTP/1.1" 200 6685 "http://pushell.hlxy.com/juser/user/detail/" "Mozilla/5.0 (Windows NT 6.1; WOW64) AppleWebKit/537.36 (KHTML, like Gecko) Chrome/31.0.1650.63 Safari/537.36" "-"
222.177.27.253 - - [18/Sep/2016:14:46:59 +0800] "GET /static/css/plugins/dropzone/basic.css HTTP/1.1" 200 932 "http://pushell.hlxy.com/juser/user/detail/" "Mozilla/5.0 (Windows NT 6.1; WOW64) AppleWebKit/537.36 (KHTML, like Gecko) Chrome/31.0.1650.63 Safari/537.36" "-"
222.177.27.253 - - [18/Sep/2016:14:46:59 +0800] "GET /static/css/plugins/dropzone/dropzone.css HTTP/1.1" 200 2062 "http://pushell.hlxy.com/juser/user/detail/" "Mozilla/5.0 (Windows NT 6.1; WOW64) AppleWebKit/537.36 (KHTML, like Gecko) Chrome/31.0.1650.63 Safari/537.36" "-"
222.177.27.253 - - [18/Sep/2016:14:46:59 +0800] "GET /static/js/base.js HTTP/1.1" 200 4145 "http://pushell.hlxy.com/juser/user/detail/" "Mozilla/5.0 (Windows NT 6.1; WOW64) AppleWebKit/537.36 (KHTML, like Gecko) Chrome/31.0.1650.63 Safari/537.36" "-"
222.177.27.253 - - [18/Sep/2016:14:46:59 +0800] "GET /static/js/validator/jquery.validator.js HTTP/1.1" 200 16496 "http://pushell.hlxy.com/juser/user/detail/" "Mozilla/5.0 (Windows NT 6.1; WOW64) AppleWebKit/537.36 (KHTML, like Gecko) Chrome/31.0.1650.63 Safari/537.36" "-"
222.177.27.253 - - [18/Sep/2016:14:46:59 +0800] "GET /static/js/validator/zh_CN.js HTTP/1.1" 200 5677 "http://pushell.hlxy.com/juser/user/detail/" "Mozilla/5.0 (Windows NT 6.1; WOW64) AppleWebKit/537.36 (KHTML, like Gecko) Chrome/31.0.1650.63 Safari/537.36" "-"
222.177.27.253 - - [18/Sep/2016:14:46:59 +0800] "GET /static/js/plugins/metisMenu/jquery.metisMenu.js HTTP/1.1" 200 3984 "http://pushell.hlxy.com/juser/user/detail/" "Mozilla/5.0 (Windows NT 6.1; WOW64) AppleWebKit/537.36 (KHTML, like Gecko) Chrome/31.0.1650.63 Safari/537.36" "-"
222.177.27.253 - - [18/Sep/2016:14:46:59 +0800] "GET /static/js/plugins/slimscroll/jquery.slimscroll.min.js HTTP/1.1" 200 4711 "http://pushell.hlxy.com/juser/user/detail/" "Mozilla/5.0 (Windows NT 6.1; WOW64) AppleWebKit/537.36 (KHTML, like Gecko) Chrome/31.0.1650.63 Safari/537.36" "-"
222.177.27.253 - - [18/Sep/2016:14:46:59 +0800] "GET /static/js/mindmup-editabletable.js HTTP/1.1" 200 3919 "http://pushell.hlxy.com/juser/user/detail/" "Mozilla/5.0 (Windows NT 6.1; WOW64) AppleWebKit/537.36 (KHTML, like Gecko) Chrome/31.0.1650.63 Safari/537.36" "-"
222.177.27.253 - - [18/Sep/2016:14:46:59 +0800] "GET /static/img/user.png HTTP/1.1" 200 16306 "http://pushell.hlxy.com/juser/user/detail/" "Mozilla/5.0 (Windows NT 6.1; WOW64) AppleWebKit/537.36 (KHTML, like Gecko) Chrome/31.0.1650.63 Safari/537.36" "-"
222.177.27.253 - - [18/Sep/2016:14:46:59 +0800] "GET /static/js/jquery.colorbox.js HTTP/1.1" 200 29176 "http://pushell.hlxy.com/juser/user/detail/" "Mozilla/5.0 (Windows NT 6.1; WOW64) AppleWebKit/537.36 (KHTML, like Gecko) Chrome/31.0.1650.63 Safari/537.36" "-"
222.177.27.253 - - [18/Sep/2016:14:46:59 +0800] "GET /static/js/bootstrap-dialog.js HTTP/1.1" 200 36276 "http://pushell.hlxy.com/juser/user/detail/" "Mozilla/5.0 (Windows NT 6.1; WOW64) AppleWebKit/537.36 (KHTML, like Gecko) Chrome/31.0.1650.63 Safari/537.36" "-"
222.177.27.253 - - [18/Sep/2016:14:46:59 +0800] "GET /static/js/datapicker/bootstrap-datepicker.js HTTP/1.1" 200 46821 "http://pushell.hlxy.com/juser/user/detail/" "Mozilla/5.0 (Windows NT 6.1; WOW64) AppleWebKit/537.36 (KHTML, like Gecko) Chrome/31.0.1650.63 Safari/537.36" "-"
222.177.27.253 - - [18/Sep/2016:14:46:59 +0800] "GET /static/js/inspinia.js HTTP/1.1" 200 4630 "http://pushell.hlxy.com/juser/user/detail/" "Mozilla/5.0 (Windows NT 6.1; WOW64) AppleWebKit/537.36 (KHTML, like Gecko) Chrome/31.0.1650.63 Safari/537.36" "-"
222.177.27.253 - - [18/Sep/2016:14:46:59 +0800] "GET /static/css/patterns/header-profile.png HTTP/1.1" 200 5918 "http://pushell.hlxy.com/juser/user/detail/" "Mozilla/5.0 (Windows NT 6.1; WOW64) AppleWebKit/537.36 (KHTML, like Gecko) Chrome/31.0.1650.63 Safari/537.36" "-"
222.177.27.253 - - [18/Sep/2016:14:46:59 +0800] "GET /static/js/plugins/fullcalendar/fullcalendar.min.js HTTP/1.1" 200 80318 "http://pushell.hlxy.com/juser/user/detail/" "Mozilla/5.0 (Windows NT 6.1; WOW64) AppleWebKit/537.36 (KHTML, like Gecko) Chrome/31.0.1650.63 Safari/537.36" "-"
222.177.27.253 - - [18/Sep/2016:14:46:59 +0800] "GET /static/js/plugins/fullcalendar/moment.min.js HTTP/1.1" 200 32364 "http://pushell.hlxy.com/juser/user/detail/" "Mozilla/5.0 (Windows NT 6.1; WOW64) AppleWebKit/537.36 (KHTML, like Gecko) Chrome/31.0.1650.63 Safari/537.36" "-"
